<html>
<body>
<pre>
<h1>µVision Build Log</h1>
<h2>Project:</h2>
C:\Keil\Labware\Lab9_FunctionalDebugging\Lab9.uvproj
Project File Date:  07/07/2016

<h2>Output:</h2>
Rebuild target 'Lab9'
assembling startup.s...
compiling main.c...
linking...
Program Size: Code=2964 RO-data=2712 RW-data=56 ZI-data=1640  
".\Lab9.axf" - 0 Error(s), 0 Warning(s).
</pre>
</body>
</html>
ab9_FunctionalDebugging\\Lab9.axf" 
Connecting: Mode=JTAG, Speed=1000000Hz
Erase Done.
Programming Done.
Verify OK.
Error: Target DLL has been cancelled. Debugger aborted !
d "C:\\Keil\\Labware\\Lab9_FunctionalDebugging\\Lab9.axf" 
Connecting: Mode=JTAG, Speed=1000000Hz
Erase Done.
Programming Done.
Verify OK.
Load "C:\\Keil\\Labware\\Lab9_FunctionalDebugging\\Lab9.axf" 
Connecting: Mode=JTAG, Speed=1000000Hz
Erase Done.
Programming Done.
Verify OK.
